../Core/Src/main.c:176:5:main	96	static
../Core/Src/main.c:323:6:SystemClock_Config	88	static
../Core/Src/main.c:367:13:MX_ADC1_Init	24	static
../Core/Src/main.c:414:13:MX_CAN_Init	8	static
../Core/Src/main.c:451:13:MX_I2C1_Init	8	static
../Core/Src/main.c:485:13:MX_TIM1_Init	96	static
../Core/Src/main.c:568:13:MX_TIM2_Init	32	static
../Core/Src/main.c:613:13:MX_TIM3_Init	32	static
../Core/Src/main.c:658:13:MX_TIM4_Init	32	static
../Core/Src/main.c:703:13:MX_GPIO_Init	40	static
../Core/Src/main.c:753:6:get_adc	8	static
../Core/Src/main.c:772:6:read_hall	8	static
../Core/Src/main.c:804:6:bldc_move	8	static
../Core/Src/main.c:908:6:bldc_move_back	8	static
../Core/Src/main.c:1012:6:delay_us	16	static
../Core/Src/main.c:1018:6:HAL_TIM_PeriodElapsedCallback	16	static
../Core/Src/main.c:1043:6:Error_Handler	4	static,ignoring_inline_asm
