../Core/Src/main.c:157:5:main	16	static
../Core/Src/main.c:276:6:SystemClock_Config	88	static
../Core/Src/main.c:320:13:MX_ADC1_Init	24	static
../Core/Src/main.c:367:13:MX_CAN_Init	8	static
../Core/Src/main.c:404:13:MX_I2C1_Init	8	static
../Core/Src/main.c:438:13:MX_TIM1_Init	96	static
../Core/Src/main.c:521:13:MX_TIM2_Init	32	static
../Core/Src/main.c:566:13:MX_TIM3_Init	32	static
../Core/Src/main.c:611:13:MX_TIM4_Init	32	static
../Core/Src/main.c:656:13:MX_GPIO_Init	40	static
../Core/Src/main.c:706:6:get_adc	8	static
../Core/Src/main.c:725:6:read_hall	8	static
../Core/Src/main.c:757:6:bldc_move	8	static
../Core/Src/main.c:861:6:bldc_move_back	8	static
../Core/Src/main.c:965:6:delay_us	16	static
../Core/Src/main.c:971:6:HAL_TIM_PeriodElapsedCallback	16	static
../Core/Src/main.c:996:6:Error_Handler	4	static,ignoring_inline_asm
